src/App.tsx(35,10): error TS2305: Module '"./services/supabaseClient"' has no exported member 'supabaseService'.
src/components/Header.tsx(18,35): error TS2307: Cannot find module '../../services/accountingService' or its corresponding type declarations.
src/components/Header.tsx(19,26): error TS2307: Cannot find module '../../types' or its corresponding type declarations.
src/components/modals/NewBankAccountModal.tsx(33,9): error TS2353: Object literal may only specify known properties, and 'iban' does not exist in type 'Omit<BankAccount, "id" | "createdAt" | "currentBalance">'.
src/components/modals/NewProjectModal.tsx(52,9): error TS2353: Object literal may only specify known properties, and 'budgetCost' does not exist in type 'Omit<Project, "id" | "createdAt">'.
src/components/modals/NewVendorModal.tsx(35,9): error TS2353: Object literal may only specify known properties, and 'category' does not exist in type 'Omit<Vendor, "id" | "createdAt">'.
src/components/modals/ReverseTransactionModal.tsx(4,10): error TS2305: Module '"../../types"' has no exported member 'Transaction'.
src/components/modals/ReverseTransactionModal.tsx(33,25): error TS2554: Expected 3 arguments, but got 2.
src/components/modals/SupabaseSettingsModal.tsx(3,10): error TS2305: Module '"../../services/supabaseClient"' has no exported member 'supabaseClientManager'.
src/components/views/AuditLogView.tsx(22,39): error TS2339: Property 'entityType' does not exist on type 'AuditLogEntry'.
src/components/views/AuditLogView.tsx(32,26): error TS2339: Property 'entityType' does not exist on type 'AuditLogEntry'.
src/components/views/AuditLogView.tsx(33,24): error TS2339: Property 'entityId' does not exist on type 'AuditLogEntry'.
src/components/views/AuditLogView.tsx(34,28): error TS2339: Property 'reason' does not exist on type 'AuditLogEntry'.
src/components/views/AuditLogView.tsx(35,37): error TS2551: Property 'newValues' does not exist on type 'AuditLogEntry'. Did you mean 'newValue'?
src/components/views/AuditLogView.tsx(38,5): error TS2554: Expected 4 arguments, but got 1.
src/components/views/AuditLogView.tsx(138,26): error TS2339: Property 'entityType' does not exist on type 'AuditLogEntry'.
src/components/views/AuditLogView.tsx(141,26): error TS2339: Property 'entityId' does not exist on type 'AuditLogEntry'.
src/components/views/AuditLogView.tsx(143,91): error TS2339: Property 'reason' does not exist on type 'AuditLogEntry'.
src/components/views/AuditLogView.tsx(144,26): error TS2339: Property 'reason' does not exist on type 'AuditLogEntry'.
src/components/views/BankingView.tsx(35,37): error TS2339: Property 'getDashboardSummary' does not exist on type 'AccountingService'.
src/components/views/BankingView.tsx(48,34): error TS2339: Property 'party' does not exist on type 'TreasuryLedgerEntry'.
src/components/views/BankingView.tsx(48,49): error TS2339: Property 'party' does not exist on type 'TreasuryLedgerEntry'.
src/components/views/BankingView.tsx(49,34): error TS2339: Property 'receipt' does not exist on type 'TreasuryLedgerEntry'.
src/components/views/BankingView.tsx(49,52): error TS2339: Property 'receipt' does not exist on type 'TreasuryLedgerEntry'.
src/components/views/BankingView.tsx(50,35): error TS2339: Property 'payment' does not exist on type 'TreasuryLedgerEntry'.
src/components/views/BankingView.tsx(50,53): error TS2339: Property 'payment' does not exist on type 'TreasuryLedgerEntry'.
src/components/views/BankingView.tsx(51,36): error TS2339: Property 'runningBalance' does not exist on type 'TreasuryLedgerEntry'.
src/components/views/BankingView.tsx(54,5): error TS2554: Expected 4 arguments, but got 1.
src/components/views/BankingView.tsx(326,27): error TS2367: This comparison appears to be unintentional because the types '"Direct Expense" | "Opening Balance" | "Money In" | "Money Out" | "Transfer In" | "Transfer Out"' and '"MONEY_IN"' have no overlap.
src/components/views/BankingView.tsx(328,31): error TS2367: This comparison appears to be unintentional because the types '"Direct Expense" | "Opening Balance" | "Money In" | "Money Out" | "Transfer In" | "Transfer Out"' and '"MONEY_OUT"' have no overlap.
src/components/views/BankingView.tsx(337,28): error TS2339: Property 'party' does not exist on type 'TreasuryLedgerEntry'.
src/components/views/BankingView.tsx(343,28): error TS2339: Property 'receipt' does not exist on type 'TreasuryLedgerEntry'.
src/components/views/BankingView.tsx(343,56): error TS2339: Property 'receipt' does not exist on type 'TreasuryLedgerEntry'.
src/components/views/BankingView.tsx(346,28): error TS2339: Property 'payment' does not exist on type 'TreasuryLedgerEntry'.
src/components/views/BankingView.tsx(346,56): error TS2339: Property 'payment' does not exist on type 'TreasuryLedgerEntry'.
src/components/views/BankingView.tsx(349,38): error TS2339: Property 'runningBalance' does not exist on type 'TreasuryLedgerEntry'.
src/components/views/CustomersView.tsx(60,19): error TS2339: Property 'type' does not exist on type 'CustomerLedgerEntry'.
src/components/views/CustomersView.tsx(62,26): error TS2339: Property 'description' does not exist on type 'CustomerLedgerEntry'.
src/components/views/CustomersView.tsx(63,34): error TS2339: Property 'invoiced' does not exist on type 'CustomerLedgerEntry'.
src/components/views/CustomersView.tsx(63,53): error TS2339: Property 'invoiced' does not exist on type 'CustomerLedgerEntry'.
src/components/views/CustomersView.tsx(64,35): error TS2339: Property 'received' does not exist on type 'CustomerLedgerEntry'.
src/components/views/CustomersView.tsx(64,54): error TS2339: Property 'received' does not exist on type 'CustomerLedgerEntry'.
src/components/views/CustomersView.tsx(68,5): error TS2554: Expected 4 arguments, but got 1.
src/components/views/CustomersView.tsx(82,67): error TS2339: Property 'invoiced' does not exist on type 'CustomerLedgerEntry'.
src/components/views/CustomersView.tsx(83,67): error TS2339: Property 'received' does not exist on type 'CustomerLedgerEntry'.
src/components/views/CustomersView.tsx(97,5): error TS2554: Expected 4 arguments, but got 1.
src/components/views/CustomersView.tsx(222,31): error TS2339: Property 'type' does not exist on type 'CustomerLedgerEntry'.
src/components/views/CustomersView.tsx(224,35): error TS2339: Property 'type' does not exist on type 'CustomerLedgerEntry'.
src/components/views/CustomersView.tsx(229,30): error TS2339: Property 'type' does not exist on type 'CustomerLedgerEntry'.
src/components/views/CustomersView.tsx(235,91): error TS2339: Property 'description' does not exist on type 'CustomerLedgerEntry'.
src/components/views/CustomersView.tsx(236,28): error TS2339: Property 'description' does not exist on type 'CustomerLedgerEntry'.
src/components/views/CustomersView.tsx(239,28): error TS2339: Property 'invoiced' does not exist on type 'CustomerLedgerEntry'.
src/components/views/CustomersView.tsx(239,57): error TS2339: Property 'invoiced' does not exist on type 'CustomerLedgerEntry'.
src/components/views/CustomersView.tsx(242,28): error TS2339: Property 'received' does not exist on type 'CustomerLedgerEntry'.
src/components/views/CustomersView.tsx(242,57): error TS2339: Property 'received' does not exist on type 'CustomerLedgerEntry'.
src/components/views/CustomersView.tsx(312,77): error TS2339: Property 'invoiced' does not exist on type 'CustomerLedgerEntry'.
src/components/views/CustomersView.tsx(313,77): error TS2339: Property 'received' does not exist on type 'CustomerLedgerEntry'.
src/components/views/DashboardView.tsx(20,21): error TS2305: Module '"../../utils/formatters"' has no exported member 'formatPercent'.
src/components/views/DashboardView.tsx(23,10): error TS2305: Module '"../../types"' has no exported member 'Transaction'.
src/components/views/DashboardView.tsx(52,37): error TS2339: Property 'getDashboardSummary' does not exist on type 'AccountingService'.
src/components/views/DashboardView.tsx(53,45): error TS2551: Property 'getAllProjectProfitabilities' does not exist on type 'AccountingService'. Did you mean 'getProjectProfitability'?
src/components/views/DashboardView.tsx(56,38): error TS2339: Property 'transactions' does not exist on type 'AppDatabaseState'.
src/components/views/DashboardView.tsx(87,5): error TS2554: Expected 4 arguments, but got 1.
src/components/views/ExpensesView.tsx(54,27): error TS2551: Property 'projectCode' does not exist on type 'DirectExpense'. Did you mean 'projectId'?
src/components/views/ExpensesView.tsx(63,5): error TS2554: Expected 4 arguments, but got 1.
src/components/views/MastersView.tsx(234,30): error TS2339: Property 'category' does not exist on type 'Vendor'.
src/components/views/MastersView.tsx(282,91): error TS2339: Property 'iban' does not exist on type 'BankAccount'.
src/components/views/MastersView.tsx(313,69): error TS2339: Property 'description' does not exist on type 'ExpenseHead'.
src/components/views/ProjectsView.tsx(16,21): error TS2305: Module '"../../utils/formatters"' has no exported member 'formatPercent'.
src/components/views/ProjectsView.tsx(73,19): error TS2339: Property 'type' does not exist on type 'ProjectLedgerEntry'.
src/components/views/ProjectsView.tsx(74,30): error TS2339: Property 'party' does not exist on type 'ProjectLedgerEntry'.
src/components/views/ProjectsView.tsx(76,35): error TS2339: Property 'revenue' does not exist on type 'ProjectLedgerEntry'.
src/components/views/ProjectsView.tsx(76,53): error TS2339: Property 'revenue' does not exist on type 'ProjectLedgerEntry'.
src/components/views/ProjectsView.tsx(77,31): error TS2339: Property 'cost' does not exist on type 'ProjectLedgerEntry'.
src/components/views/ProjectsView.tsx(77,46): error TS2339: Property 'cost' does not exist on type 'ProjectLedgerEntry'.
src/components/views/ProjectsView.tsx(78,33): error TS2339: Property 'cashReceived' does not exist on type 'ProjectLedgerEntry'.
src/components/views/ProjectsView.tsx(78,56): error TS2339: Property 'cashReceived' does not exist on type 'ProjectLedgerEntry'.
src/components/views/ProjectsView.tsx(79,33): error TS2339: Property 'cashPaid' does not exist on type 'ProjectLedgerEntry'.
src/components/views/ProjectsView.tsx(79,52): error TS2339: Property 'cashPaid' does not exist on type 'ProjectLedgerEntry'.
src/components/views/ProjectsView.tsx(80,42): error TS2339: Property 'cumulativeProfit' does not exist on type 'ProjectLedgerEntry'.
src/components/views/ProjectsView.tsx(83,5): error TS2554: Expected 4 arguments, but got 1.
src/components/views/ProjectsView.tsx(94,47): error TS2551: Property 'getAllProjectProfitabilities' does not exist on type 'AccountingService'. Did you mean 'getProjectProfitability'?
src/components/views/ProjectsView.tsx(110,5): error TS2554: Expected 4 arguments, but got 1.
src/components/views/ProjectsView.tsx(235,42): error TS2339: Property 'outstandingReceivable' does not exist on type 'ProjectProfitability'.
src/components/views/ProjectsView.tsx(252,54): error TS2339: Property 'profitMargin' does not exist on type 'ProjectProfitability'.
src/components/views/ProjectsView.tsx(332,34): error TS2339: Property 'type' does not exist on type 'ProjectLedgerEntry'.
src/components/views/ProjectsView.tsx(336,32): error TS2339: Property 'party' does not exist on type 'ProjectLedgerEntry'.
src/components/views/ProjectsView.tsx(342,32): error TS2339: Property 'revenue' does not exist on type 'ProjectLedgerEntry'.
src/components/views/ProjectsView.tsx(342,60): error TS2339: Property 'revenue' does not exist on type 'ProjectLedgerEntry'.
src/components/views/ProjectsView.tsx(345,32): error TS2339: Property 'cost' does not exist on type 'ProjectLedgerEntry'.
src/components/views/ProjectsView.tsx(345,57): error TS2339: Property 'cost' does not exist on type 'ProjectLedgerEntry'.
src/components/views/ProjectsView.tsx(348,32): error TS2339: Property 'cashReceived' does not exist on type 'ProjectLedgerEntry'.
src/components/views/ProjectsView.tsx(348,65): error TS2339: Property 'cashReceived' does not exist on type 'ProjectLedgerEntry'.
src/components/views/ProjectsView.tsx(351,32): error TS2339: Property 'cashPaid' does not exist on type 'ProjectLedgerEntry'.
src/components/views/ProjectsView.tsx(351,61): error TS2339: Property 'cashPaid' does not exist on type 'ProjectLedgerEntry'.
src/components/views/ProjectsView.tsx(354,42): error TS2339: Property 'cumulativeProfit' does not exist on type 'ProjectLedgerEntry'.
src/components/views/ProjectsView.tsx(404,31): error TS2367: This comparison appears to be unintentional because the types 'TransactionStatus' and '"paid"' have no overlap.
src/components/views/ProjectsView.tsx(406,35): error TS2367: This comparison appears to be unintentional because the types 'TransactionStatus' and '"partially_paid"' have no overlap.
src/components/views/ProjectsView.tsx(464,31): error TS2367: This comparison appears to be unintentional because the types 'TransactionStatus' and '"paid"' have no overlap.
src/components/views/ProjectsView.tsx(466,35): error TS2367: This comparison appears to be unintentional because the types 'TransactionStatus' and '"partially_paid"' have no overlap.
src/components/views/ProjectsView.tsx(532,45): error TS2551: Property 'getAllProjectProfitabilities' does not exist on type 'AccountingService'. Did you mean 'getProjectProfitability'?
src/components/views/PurchasesView.tsx(55,19): error TS2339: Property 'type' does not exist on type 'VendorLedgerEntry'.
src/components/views/PurchasesView.tsx(57,26): error TS2339: Property 'description' does not exist on type 'VendorLedgerEntry'.
src/components/views/PurchasesView.tsx(58,36): error TS2339: Property 'purchased' does not exist on type 'VendorLedgerEntry'.
src/components/views/PurchasesView.tsx(58,56): error TS2339: Property 'purchased' does not exist on type 'VendorLedgerEntry'.
src/components/views/PurchasesView.tsx(59,34): error TS2339: Property 'paid' does not exist on type 'VendorLedgerEntry'.
src/components/views/PurchasesView.tsx(59,49): error TS2339: Property 'paid' does not exist on type 'VendorLedgerEntry'.
src/components/views/PurchasesView.tsx(63,5): error TS2554: Expected 4 arguments, but got 1.
src/components/views/PurchasesView.tsx(77,68): error TS2339: Property 'purchased' does not exist on type 'VendorLedgerEntry'.
src/components/views/PurchasesView.tsx(78,63): error TS2339: Property 'paid' does not exist on type 'VendorLedgerEntry'.
src/components/views/PurchasesView.tsx(83,23): error TS2339: Property 'category' does not exist on type 'Vendor'.
src/components/views/PurchasesView.tsx(93,5): error TS2554: Expected 4 arguments, but got 1.
src/components/views/PurchasesView.tsx(149,96): error TS2339: Property 'category' does not exist on type 'Vendor'.
src/components/views/PurchasesView.tsx(218,31): error TS2339: Property 'type' does not exist on type 'VendorLedgerEntry'.
src/components/views/PurchasesView.tsx(220,35): error TS2339: Property 'type' does not exist on type 'VendorLedgerEntry'.
src/components/views/PurchasesView.tsx(225,30): error TS2339: Property 'type' does not exist on type 'VendorLedgerEntry'.
src/components/views/PurchasesView.tsx(231,91): error TS2339: Property 'description' does not exist on type 'VendorLedgerEntry'.
src/components/views/PurchasesView.tsx(232,28): error TS2339: Property 'description' does not exist on type 'VendorLedgerEntry'.
src/components/views/PurchasesView.tsx(235,28): error TS2339: Property 'purchased' does not exist on type 'VendorLedgerEntry'.
src/components/views/PurchasesView.tsx(235,58): error TS2339: Property 'purchased' does not exist on type 'VendorLedgerEntry'.
src/components/views/PurchasesView.tsx(238,28): error TS2339: Property 'paid' does not exist on type 'VendorLedgerEntry'.
src/components/views/PurchasesView.tsx(238,53): error TS2339: Property 'paid' does not exist on type 'VendorLedgerEntry'.
src/components/views/PurchasesView.tsx(309,78): error TS2339: Property 'purchased' does not exist on type 'VendorLedgerEntry'.
src/components/views/PurchasesView.tsx(310,73): error TS2339: Property 'paid' does not exist on type 'VendorLedgerEntry'.
src/components/views/PurchasesView.tsx(325,28): error TS2339: Property 'category' does not exist on type 'Vendor'.
src/components/views/ReportsView.tsx(14,21): error TS2305: Module '"../../utils/formatters"' has no exported member 'formatPercent'.
src/components/views/ReportsView.tsx(30,37): error TS2339: Property 'getDashboardSummary' does not exist on type 'AccountingService'.
src/components/views/ReportsView.tsx(31,45): error TS2551: Property 'getAllProjectProfitabilities' does not exist on type 'AccountingService'. Did you mean 'getProjectProfitability'?
src/components/views/ReportsView.tsx(53,7): error TS2554: Expected 4 arguments, but got 1.
src/components/views/ReportsView.tsx(71,7): error TS2554: Expected 4 arguments, but got 1.
src/components/views/ReportsView.tsx(96,7): error TS2554: Expected 4 arguments, but got 1.
src/components/views/ReportsView.tsx(116,7): error TS2554: Expected 4 arguments, but got 1.
src/components/views/ReportsView.tsx(133,7): error TS2554: Expected 4 arguments, but got 1.
src/components/views/ReportsView.tsx(155,7): error TS2554: Expected 4 arguments, but got 1.
src/components/views/ReportsView.tsx(178,7): error TS2554: Expected 4 arguments, but got 1.
src/services/supabaseClient.ts(4,28): error TS2339: Property 'env' does not exist on type 'ImportMeta'.
src/services/supabaseClient.ts(5,32): error TS2339: Property 'env' does not exist on type 'ImportMeta'.
src/utils/formatters.ts(51,12): error TS2365: Operator '+' cannot be applied to types 'string | number' and 'number'.
